Release 13.4 - xst O.87xd (nt64)
Copyright (c) 1995-2011 Xilinx, Inc.  All rights reserved.
--> Parameter TMPDIR set to xst/projnav.tmp


Total REAL time to Xst completion: 0.00 secs
Total CPU time to Xst completion: 0.12 secs
 
--> Parameter xsthdpdir set to xst


Total REAL time to Xst completion: 0.00 secs
Total CPU time to Xst completion: 0.12 secs
 
--> Reading design: Top.prj

TABLE OF CONTENTS
  1) Synthesis Options Summary
  2) HDL Parsing
  3) HDL Elaboration
  4) HDL Synthesis
       4.1) HDL Synthesis Report
  5) Advanced HDL Synthesis
       5.1) Advanced HDL Synthesis Report
  6) Low Level Synthesis
  7) Partition Report
  8) Design Summary
       8.1) Primitive and Black Box Usage
       8.2) Device utilization summary
       8.3) Partition Resource Summary
       8.4) Timing Report
            8.4.1) Clock Information
            8.4.2) Asynchronous Control Signals Information
            8.4.3) Timing Summary
            8.4.4) Timing Details
            8.4.5) Cross Clock Domains Report


=========================================================================
*                      Synthesis Options Summary                        *
=========================================================================
---- Source Parameters
Input File Name                    : "Top.prj"
Ignore Synthesis Constraint File   : NO

---- Target Parameters
Output File Name                   : "Top"
Output Format                      : NGC
Target Device                      : xc6slx16-3-csg324

---- Source Options
Top Module Name                    : Top
Automatic FSM Extraction           : YES
FSM Encoding Algorithm             : Auto
Safe Implementation                : No
FSM Style                          : LUT
RAM Extraction                     : Yes
RAM Style                          : Auto
ROM Extraction                     : Yes
Shift Register Extraction          : YES
ROM Style                          : Auto
Resource Sharing                   : YES
Asynchronous To Synchronous        : NO
Shift Register Minimum Size        : 2
Use DSP Block                      : Auto
Automatic Register Balancing       : No

---- Target Options
LUT Combining                      : Auto
Reduce Control Sets                : Auto
Add IO Buffers                     : YES
Global Maximum Fanout              : 100000
Add Generic Clock Buffer(BUFG)     : 16
Register Duplication               : YES
Optimize Instantiated Primitives   : NO
Use Clock Enable                   : Auto
Use Synchronous Set                : Auto
Use Synchronous Reset              : Auto
Pack IO Registers into IOBs        : Auto
Equivalent register Removal        : YES

---- General Options
Optimization Goal                  : Speed
Optimization Effort                : 1
Power Reduction                    : NO
Keep Hierarchy                     : No
Netlist Hierarchy                  : As_Optimized
RTL Output                         : Yes
Global Optimization                : AllClockNets
Read Cores                         : YES
Write Timing Constraints           : NO
Cross Clock Analysis               : NO
Hierarchy Separator                : /
Bus Delimiter                      : <>
Case Specifier                     : Maintain
Slice Utilization Ratio            : 100
BRAM Utilization Ratio             : 100
DSP48 Utilization Ratio            : 100
Auto BRAM Packing                  : NO
Slice Utilization Ratio Delta      : 5

=========================================================================

INFO:Xst - Part-select index evaluated to out of bound value may lead to incorrect synthesis results; it is recommended not to use them in RTL

=========================================================================
*                          HDL Parsing                                  *
=========================================================================
Parsing VHDL file "C:\Users\fdisk122\rakesh\clockbuffer.vhd" into library work
Parsing entity <clock_buffer>.
Parsing architecture <behavioral> of entity <clock_buffer>.
Parsing VHDL file "C:\Users\fdisk122\rakesh\Zero_Ten_Counter.vhd" into library work
Parsing entity <Zero_Ten_Counter>.
Parsing architecture <Behavioral> of entity <zero_ten_counter>.
Parsing VHDL file "C:\Users\fdisk122\rakesh\Clock_Divider.vhd" into library work
Parsing entity <Clock_Divider>.
Parsing architecture <Behavioral> of entity <clock_divider>.
Parsing VHDL file "C:\Users\fdisk122\rakesh\Bin_2_Seg.vhd" into library work
Parsing entity <Bin_2_Seg>.
Parsing architecture <Behavioral> of entity <bin_2_seg>.
Parsing VHDL file "C:\Users\fdisk122\rakesh\Walls.vhd" into library work
Parsing entity <Walls>.
Parsing architecture <Behavioral> of entity <walls>.
Parsing VHDL file "C:\Users\fdisk122\rakesh\VGA_sync.vhd" into library work
Parsing entity <vga_sync>.
Parsing architecture <arch> of entity <vga_sync>.
Parsing VHDL file "C:\Users\fdisk122\rakesh\Seven_Segment_Disp.vhd" into library work
Parsing entity <Seven_Segment_Disp>.
Parsing architecture <Behavioral> of entity <seven_segment_disp>.
Parsing VHDL file "C:\Users\fdisk122\rakesh\paddle.vhd" into library work
Parsing entity <paddle>.
Parsing architecture <paddle_arch> of entity <paddle>.
Parsing VHDL file "C:\Users\fdisk122\rakesh\Letter.vhd" into library work
Parsing entity <Letter>.
Parsing architecture <Behavioral> of entity <letter>.
Parsing VHDL file "C:\Users\fdisk122\rakesh\Koopa.vhd" into library work
Parsing entity <Koopa>.
Parsing architecture <Behavioral> of entity <koopa>.
Parsing VHDL file "C:\Users\fdisk122\rakesh\kb.vhd" into library work
Parsing entity <KeyboardController>.
INFO:HDLCompiler:1676 - "C:\Users\fdisk122\rakesh\kb.vhd" Line 15. declaration of a buffer port will make it difficult for you to validate this design by simulation. It is preferable to declare it as output
INFO:HDLCompiler:1676 - "C:\Users\fdisk122\rakesh\kb.vhd" Line 16. declaration of a buffer port will make it difficult for you to validate this design by simulation. It is preferable to declare it as output
Parsing architecture <Behavioral> of entity <keyboardcontroller>.
Parsing VHDL file "C:\Users\fdisk122\rakesh\ball.vhd" into library work
Parsing entity <ball>.
Parsing architecture <ball_arch> of entity <ball>.
Parsing VHDL file "C:\Users\fdisk122\rakesh\Top.vhd" into library work
Parsing entity <Top>.
Parsing architecture <Behavioral> of entity <top>.
INFO:HDLCompiler:1676 - "C:\Users\fdisk122\rakesh\Top.vhd" Line 69. declaration of a buffer port will make it difficult for you to validate this design by simulation. It is preferable to declare it as output
INFO:HDLCompiler:1676 - "C:\Users\fdisk122\rakesh\Top.vhd" Line 70. declaration of a buffer port will make it difficult for you to validate this design by simulation. It is preferable to declare it as output
ERROR:HDLCompiler:1728 - "C:\Users\fdisk122\rakesh\Top.vhd" Line 133: Type error near padle ; current type std_logic_vector; expected type std_logic
ERROR:HDLCompiler:837 - "C:\Users\fdisk122\rakesh\Top.vhd" Line 133: Type std_logic does not match with a string literal
ERROR:HDLCompiler:192 - "C:\Users\fdisk122\rakesh\Top.vhd" Line 133: Actual of formal out port paddle_on cannot be an expression
ERROR:HDLCompiler:27 - "C:\Users\fdisk122\rakesh\Top.vhd" Line 133: paddle has only 8 ports
INFO:HDLCompiler:1408 - "C:\Users\fdisk122\rakesh\Top.vhd" Line 53. paddle is declared here
ERROR:HDLCompiler:1728 - "C:\Users\fdisk122\rakesh\Top.vhd" Line 134: Type error near padle ; current type std_logic_vector; expected type std_logic
ERROR:HDLCompiler:837 - "C:\Users\fdisk122\rakesh\Top.vhd" Line 134: Type std_logic does not match with a string literal
ERROR:HDLCompiler:192 - "C:\Users\fdisk122\rakesh\Top.vhd" Line 134: Actual of formal out port paddle_on cannot be an expression
ERROR:HDLCompiler:27 - "C:\Users\fdisk122\rakesh\Top.vhd" Line 134: paddle has only 8 ports
INFO:HDLCompiler:1408 - "C:\Users\fdisk122\rakesh\Top.vhd" Line 53. paddle is declared here
ERROR:HDLCompiler:854 - "C:\Users\fdisk122\rakesh\Top.vhd" Line 43: Unit <behavioral> ignored due to previous errors.
VHDL file C:\Users\fdisk122\rakesh\Top.vhd ignored due to errors
--> 

Total memory usage is 205540 kilobytes

Number of errors   :    9 (   0 filtered)
Number of warnings :    0 (   0 filtered)
Number of infos    :    1 (   0 filtered)

